<testsuites name="results">
  <testsuite name="all" package="all">
    <property name="random_seed" value="1773140566" />
    <testcase name="full_system_verify" classname="test_axi_handshake" file="/home/nikita/projects/axi_verify/test_axi_handshake.py" lineno="39" time="0.0029757022857666016" sim_time_ns="70.0" ratio_time="23523.85866517106" />
  </testsuite>
</testsuites>